// Jest Snapshot v1, https://goo.gl/fbAQLP

exports[`Titlec component renders correctly 1`] = `
<section
  className="section-works-title"
>
  <div
    className="works-title-container"
  >
    <div
      className="title-text"
    >
      Наши контакты
    </div>
  </div>
</section>
`;
